// Jest Snapshot v1, https://goo.gl/fbAQLP

exports[`Тест компонента OrderDetails Ордер рендерится без ошибок 1`] = `
Array [
  <p
    className="text text_type_digits-large mt-8"
    data-testid="orderNumber"
  >
    112233
  </p>,
  <p
    className="text text_type_main-medium mt-8"
  >
    идентификатор заказа
  </p>,
  <img
    alt="done"
    className="m-15"
    height={120}
    src="done.png"
    width={120}
  />,
  <p
    className="text text_type_main-default"
  >
    Ваш заказ начали готовить
  </p>,
  <p
    className="text text_type_main-default text_color_inactive mt-2 mb-10"
  >
    Дождитесь готовности на орбитальной станции
  </p>,
]
`;
